
> my-site@2.0.0 build
> docusaurus build

[INFO] [zh-TW] Creating an optimized production build...
[WARNING] Docusaurus found blog posts without truncation markers:
- "blog/2025-05-26-uv-vs-venv.md"
- "blog/2025-03-30-linebot-with-n8n-on-zeabur.md"
- "blog/2023-12-17-Whisper.md"
- "blog/2023-12-15-GitHub-Codespace.md"
- "blog/2023-10-10-Customize-Your-AI-Teaching-Assistant.md"
- "blog/2023-09-23-pipenv-vs-venv.md"
- "blog/2023-09-10-deploy-hackmdbot-on-render.md"
- "blog/2023-09-09-buile-your-LLM-by-LMStudio.md"
- "blog/2023-09-03-selenium-webdriver-update.md"
- "blog/2023-07-03-get-damun-with-playwright.mdx"
- "blog/2023-06-09-lo-line-bot-with-hackmd.mdx"
- "blog/2023-06-08-hex-web-camp-2023.md"
- "blog/2023-05-25-Invisible-hand-and-ESG.md"
- "blog/2023-03-09-online-post-with-vsc.md"
- "blog/2023-03-05-ai-draw.md"
- "blog/2023-03-03-deploy-docusaurus-with-github-pages.md"

We recommend using truncation markers (`<!-- truncate -->` or `{/* truncate */}`) in blog posts to create shorter previews on blog paginated lists.
Tip: turn this security off with the `onUntruncatedBlogPosts: 'ignore'` blog plugin option.
[90m[[90mwebpackbar[90m][39m [36m??[39m Compiling Client
[90m[[90mwebpackbar[90m][39m [36m??[39m Compiling Server
[90m[[90mwebpackbar[90m][39m [32m??[39m Server: Compiled successfully in 3.06s
[90m[[90mwebpackbar[90m][39m [32m??[39m Client: Compiled successfully in 4.79s
[SUCCESS] Generated static files in "build".
[INFO] Use `npm run serve` command to test your build locally.
